// Jest Snapshot v1, https://goo.gl/fbAQLP

exports[`App component renders App 1`] = `
<DocumentFragment>
  <div
    class="frame"
  >
    <div>
      <form
        class="formFrame"
      >
        <label
          for="url"
        >
          URL
        </label>
        <input
          class="urlInput"
          data-testid="urlInput"
          id="url"
          required=""
        />
        <div
          class="methodButtons"
        >
          <input
            checked=""
            class="radioButton"
            data-testid="getButton"
            id="GET"
            name="method"
            type="radio"
            value="GET"
          />
          <label
            class="radioLabel"
            for="GET"
          >
            GET
          </label>
          <input
            class="radioButton"
            data-testid="postButton"
            id="POST"
            name="method"
            type="radio"
            value="POST"
          />
          <label
            class="radioLabel"
            for="POST"
          >
            POST
          </label>
          <input
            class="radioButton"
            data-testid="putButton"
            id="PUT"
            name="method"
            type="radio"
            value="PUT"
          />
          <label
            class="radioLabel"
            for="PUT"
          >
            PUT
          </label>
          <input
            class="radioButton"
            data-testid="deleteButton"
            id="DELETE"
            name="method"
            type="radio"
            value="DELETE"
          />
          <label
            class="radioLabel"
            for="DELETE"
          >
            DELETE
          </label>
        </div>
        <label
          class="radioLabel"
          for="body"
        >
          BODY
        </label>
        <textarea
          data-testid="bodyInput"
          id="body"
        />
        <button
          data-testid="submitButton"
        >
          SUBMIT
        </button>
      </form>
    </div>
    <div
      class="lowerFrame"
    >
      <div>
        <h2>
          HISTORY
        </h2>
        <div
          class="history"
        />
      </div>
      <div>
        <h2>
          Response
        </h2>
        <div
          class="response"
        />
      </div>
    </div>
  </div>
</DocumentFragment>
`;
